<html>
<body>
<pre>
<h1>µVision Build Log</h1>
<h2>Project:</h2>
C:\Users\student\Desktop\LABS\PPSW\Current\Piofczyk.uvproj
Project File Date:  04/16/2025

<h2>Output:</h2>
Rebuild target 'Target 1'
assembling Startup.s...
compiling main.c...
compiling led.c...
compiling keyboard.c...
linking...
Program Size: Code=1300 RO-data=32 RW-data=4 ZI-data=1260  
FromELF: creating hex file...
".\Piofczyk.axf" - 0 Errors, 0 Warning(s).
Clean started: Project: 'Piofczyk'
   deleting intermediate output files for target 'Target 1'
Rebuild target 'Target 1'
assembling Startup.s...
compiling main.c...
compiling led.c...
compiling keyboard.c...
linking...
Program Size: Code=1292 RO-data=32 RW-data=4 ZI-data=1260  
FromELF: creating hex file...
".\Piofczyk.axf" - 0 Errors, 0 Warning(s).
Rebuild target 'Target 1'
assembling Startup.s...
compiling main.c...
main.c(21): error:  #409: function "eKeyboardRead" returns incomplete type "enum KeyboardState"
main.c(23): error:  #20: identifier "BUTTON_1" is undefined
main.c(26): error:  #20: identifier "BUTTON_2" is undefined
compiling led.c...
compiling keyboard.c...
".\Piofczyk.axf" - 3 Errors, 0 Warning(s).
Target not created
Rebuild target 'Target 1'
assembling Startup.s...
compiling main.c...
compiling led.c...
compiling keyboard.c...
linking...
Program Size: Code=1292 RO-data=32 RW-data=4 ZI-data=1260  
FromELF: creating hex file...
".\Piofczyk.axf" - 0 Errors, 0 Warning(s).
Clean started: Project: 'Piofczyk'
   deleting intermediate output files for target 'Target 1'
