<html>
<body>
<pre>
<h1>µVision Build Log</h1>
<h2>Project:</h2>
C:\Users\Maciej\Desktop\Laby\LABS\PPSW_Homework\Funkcje.uvproj
Project File Date:  03/09/2025

<h2>Output:</h2>
Rebuild target 'Target 1'
assembling Startup.s...
compiling main.c...
linking...
Program Size: Code=1948 RO-data=32 RW-data=100 ZI-data=1316  
FromELF: creating hex file...
".\Funkcje.axf" - 0 Errors, 0 Warning(s).
Rebuild target 'Target 1'
assembling Startup.s...
compiling main.c...
linking...
Program Size: Code=1948 RO-data=32 RW-data=100 ZI-data=1316  
FromELF: creating hex file...
".\Funkcje.axf" - 0 Errors, 0 Warning(s).
Rebuild target 'Target 1'
assembling Startup.s...
compiling main.c...
linking...
Program Size: Code=1940 RO-data=32 RW-data=100 ZI-data=1316  
FromELF: creating hex file...
".\Funkcje.axf" - 0 Errors, 0 Warning(s).
Rebuild target 'Target 1'
assembling Startup.s...
compiling main.c...
linking...
Program Size: Code=1940 RO-data=32 RW-data=100 ZI-data=1316  
FromELF: creating hex file...
".\Funkcje.axf" - 0 Errors, 0 Warning(s).
Rebuild target 'Target 1'
assembling Startup.s...
compiling main.c...
linking...
Program Size: Code=1940 RO-data=32 RW-data=100 ZI-data=1316  
FromELF: creating hex file...
".\Funkcje.axf" - 0 Errors, 0 Warning(s).
Rebuild target 'Target 1'
assembling Startup.s...
compiling main.c...
linking...
Program Size: Code=1932 RO-data=32 RW-data=100 ZI-data=1316  
FromELF: creating hex file...
".\Funkcje.axf" - 0 Errors, 0 Warning(s).
Rebuild target 'Target 1'
assembling Startup.s...
compiling main.c...
linking...
Program Size: Code=1996 RO-data=32 RW-data=100 ZI-data=1316  
FromELF: creating hex file...
".\Funkcje.axf" - 0 Errors, 0 Warning(s).
Rebuild target 'Target 1'
assembling Startup.s...
compiling main.c...
linking...
Program Size: Code=1996 RO-data=32 RW-data=100 ZI-data=1316  
FromELF: creating hex file...
".\Funkcje.axf" - 0 Errors, 0 Warning(s).
Rebuild target 'Target 1'
assembling Startup.s...
compiling main.c...
linking...
Program Size: Code=2024 RO-data=32 RW-data=100 ZI-data=1316  
FromELF: creating hex file...
".\Funkcje.axf" - 0 Errors, 0 Warning(s).
Rebuild target 'Target 1'
assembling Startup.s...
compiling main.c...
linking...
Program Size: Code=2024 RO-data=32 RW-data=100 ZI-data=1316  
FromELF: creating hex file...
".\Funkcje.axf" - 0 Errors, 0 Warning(s).
Rebuild target 'Target 1'
assembling Startup.s...
compiling main.c...
linking...
Program Size: Code=2032 RO-data=32 RW-data=100 ZI-data=1316  
FromELF: creating hex file...
".\Funkcje.axf" - 0 Errors, 0 Warning(s).
Clean started: Project: 'Funkcje'
   deleting intermediate output files for target 'Target 1'
