<html>
<body>
<pre>
<h1>µVision Build Log</h1>
<h2>Project:</h2>
C:\Users\Maciej\Desktop\Laby\LABS\PPSW\Current\Piofczyk.uvproj
Project File Date:  03/05/2025

<h2>Output:</h2>
Rebuild target 'Target 1'
assembling Startup.s...
compiling main.c...
compiling led.c...
led.h(3): warning:  #1295-D: Deprecated declaration LedInit - give arg types
led.h(5): warning:  #1295-D: Deprecated declaration LedStepLeft - give arg types
led.h(6): warning:  #1-D: last line of file ends without a newline
led.h(6): warning:  #1295-D: Deprecated declaration LedStepRight - give arg types
led.c(61): warning:  #1-D: last line of file ends without a newline
compiling keyboard.c...
keyboard.h(1): warning:  #1-D: last line of file ends without a newline
keyboard.c(36): warning:  #1-D: last line of file ends without a newline
linking...
.\Piofczyk.axf: Error: L6200E: Symbol LedInit multiply defined (by led.o and main.o).
.\Piofczyk.axf: Error: L6200E: Symbol KeyboardInit multiply defined (by keyboard.o and main.o).
.\Piofczyk.axf: Error: L6200E: Symbol LedOn multiply defined (by led.o and main.o).
.\Piofczyk.axf: Error: L6200E: Symbol eKeyboardRead multiply defined (by keyboard.o and main.o).
.\Piofczyk.axf: Error: L6200E: Symbol LedStep multiply defined (by led.o and main.o).
.\Piofczyk.axf: Error: L6200E: Symbol LedStepLeft multiply defined (by led.o and main.o).
.\Piofczyk.axf: Error: L6200E: Symbol LedStepRight multiply defined (by led.o and main.o).
".\Piofczyk.axf" - 7 Errors, 7 Warning(s).
Target not created
Rebuild target 'Target 1'
assembling Startup.s...
compiling main.c...
led.h(3): warning:  #1295-D: Deprecated declaration LedInit - give arg types
led.h(5): warning:  #1295-D: Deprecated declaration LedStepLeft - give arg types
led.h(6): warning:  #1-D: last line of file ends without a newline
led.h(6): warning:  #1295-D: Deprecated declaration LedStepRight - give arg types
keyboard.h(3): warning:  #1295-D: Deprecated declaration KeyboardInit - give arg types
keyboard.h(5): warning:  #1-D: last line of file ends without a newline
keyboard.h(5): warning:  #1295-D: Deprecated declaration eKeyboardRead - give arg types
compiling led.c...
led.h(3): warning:  #1295-D: Deprecated declaration LedInit - give arg types
led.h(5): warning:  #1295-D: Deprecated declaration LedStepLeft - give arg types
led.h(6): warning:  #1-D: last line of file ends without a newline
led.h(6): warning:  #1295-D: Deprecated declaration LedStepRight - give arg types
led.c(61): warning:  #1-D: last line of file ends without a newline
compiling keyboard.c...
keyboard.h(3): warning:  #1295-D: Deprecated declaration KeyboardInit - give arg types
keyboard.h(5): warning:  #1-D: last line of file ends without a newline
keyboard.h(5): warning:  #1295-D: Deprecated declaration eKeyboardRead - give arg types
keyboard.c(36): warning:  #1-D: last line of file ends without a newline
linking...
Program Size: Code=1324 RO-data=32 RW-data=4 ZI-data=1260  
FromELF: creating hex file...
".\Piofczyk.axf" - 0 Errors, 16 Warning(s).
Rebuild target 'Target 1'
assembling Startup.s...
compiling main.c...
led.h(6): warning:  #1-D: last line of file ends without a newline
keyboard.h(5): warning:  #1-D: last line of file ends without a newline
compiling led.c...
led.h(6): warning:  #1-D: last line of file ends without a newline
led.c(61): warning:  #1-D: last line of file ends without a newline
compiling keyboard.c...
keyboard.h(5): warning:  #1-D: last line of file ends without a newline
keyboard.c(36): warning:  #1-D: last line of file ends without a newline
linking...
Program Size: Code=1324 RO-data=32 RW-data=4 ZI-data=1260  
FromELF: creating hex file...
".\Piofczyk.axf" - 0 Errors, 6 Warning(s).
Rebuild target 'Target 1'
assembling Startup.s...
compiling main.c...
compiling led.c...
compiling keyboard.c...
linking...
Program Size: Code=1324 RO-data=32 RW-data=4 ZI-data=1260  
FromELF: creating hex file...
".\Piofczyk.axf" - 0 Errors, 0 Warning(s).
Rebuild target 'Target 1'
assembling Startup.s...
compiling main.c...
compiling led.c...
compiling keyboard.c...
linking...
Program Size: Code=1324 RO-data=32 RW-data=4 ZI-data=1260  
FromELF: creating hex file...
".\Piofczyk.axf" - 0 Errors, 0 Warning(s).
Clean started: Project: 'Piofczyk'
   deleting intermediate output files for target 'Target 1'
