<html>
<body>
<pre>
<h1>µVision Build Log</h1>
<h2>Project:</h2>
C:\Users\student\Desktop\Piofczyk PPSW\Current\Prace_z_rejestrami.uvproj
Project File Date:  03/05/2025

<h2>Output:</h2>
Rebuild target 'Target 1'
assembling Startup.s...
compiling main.c...
main.c(6): error:  #20: identifier "INT" is undefined
".\Prace_z_rejestrami.axf" - 1 Errors, 0 Warning(s).
Target not created
Rebuild target 'Target 1'
assembling Startup.s...
compiling main.c...
linking...
Program Size: Code=752 RO-data=32 RW-data=4 ZI-data=1260  
FromELF: creating hex file...
".\Prace_z_rejestrami.axf" - 0 Errors, 0 Warning(s).
Rebuild target 'Target 1'
assembling Startup.s...
compiling main.c...
linking...
Program Size: Code=752 RO-data=32 RW-data=4 ZI-data=1260  
FromELF: creating hex file...
".\Prace_z_rejestrami.axf" - 0 Errors, 0 Warning(s).
Clean started: Project: 'Prace_z_rejestrami'
   deleting intermediate output files for target 'Target 1'
